// Jest Snapshot v1, https://goo.gl/fbAQLP

exports[`YTEmbed.vue matches snapshot 1`] = `<iframe width="100%" height="100%" src="https://www.youtube.com/embed/abcdef?rel=0&amp;amp;showinfo=0" frameborder="0" gesture="media" allow="encrypted-media" allowfullscreen="allowfullscreen"></iframe>`;
